I'm sorry, but errors were detected in your script. Please correct the
errors listed below, and try again.


File "game/Scripts/chapter2/InteractiveSchoolMap/Roomfactory/casino/blackjackminigame/screens_blackjack.rpy", line 14: 't' is not a keyword argument or valid child of the vbox statement.
    t
     ^

Ren'Py Version: Ren'Py 8.5.2.26010301
Mon Jan 19 18:16:42 2026
